// Vitest Snapshot v1, https://vitest.dev/guide/snapshot.html

exports[`Button > renders 1`] = `
{
  "alpha": 0.5,
  "children": Children [
    {
      "alpha": 1,
      "color": "#F6F6F9FF",
      "fontSize": 32,
      "height": 136,
      "mountY": -0.35,
      "pivot": 0.5,
      "pivotX": 0.5,
      "pivotY": 0.5,
      "scale": 1,
      "text": "Hello",
      "width": 386,
      "zIndex": 0.1111,
    },
  ],
  "color": "#FF",
  "height": 136,
  "pivot": 0.5,
  "pivotX": 0.5,
  "pivotY": 0.5,
  "scale": 1,
  "width": 386,
  "zIndex": 0.111,
}
`;
